
LENOVO@DESKTOP-L1MRRVL MINGW64 ~
$ git --version
git version 2.37.2.windows.2

LENOVO@DESKTOP-L1MRRVL MINGW64 ~
$ git help config

LENOVO@DESKTOP-L1MRRVL MINGW64 ~
$ mkdir test

LENOVO@DESKTOP-L1MRRVL MINGW64 ~
$

LENOVO@DESKTOP-L1MRRVL MINGW64 ~
$ cd test

LENOVO@DESKTOP-L1MRRVL MINGW64 ~/test
$ pwd
/c/Users/LENOVO/test

LENOVO@DESKTOP-L1MRRVL MINGW64 ~/test
$ ls

LENOVO@DESKTOP-L1MRRVL MINGW64 ~/test
$ dir

LENOVO@DESKTOP-L1MRRVL MINGW64 ~/test
$ git init
Initialized empty Git repository in C:/Users/LENOVO/test/.git/

LENOVO@DESKTOP-L1MRRVL MINGW64 ~/test (master)
$ git status
On branch master

No commits yet

Untracked files:
  (use "git add <file>..." to include in what will be committed)
        demo.txt

nothing added to commit but untracked files present (use "git add" to track)

LENOVO@DESKTOP-L1MRRVL MINGW64 ~/test (master)
$ git add demo.txt

LENOVO@DESKTOP-L1MRRVL MINGW64 ~/test (master)
$ git commit -m "committing a text file"
Author identity unknown

*** Please tell me who you are.

Run

  git config --global user.email "you@example.com"
  git config --global user.name "Your Name"

to set your account's default identity.
Omit --global to set the identity only in this repository.

fatal: unable to auto-detect email address (got 'LENOVO@DESKTOP-L1MRRVL.(none)')

LENOVO@DESKTOP-L1MRRVL MINGW64 ~/test (master)
$ git config --global user.name "Nishantha Priyadarshana"

LENOVO@DESKTOP-L1MRRVL MINGW64 ~/test (master)
$ git commit -m "committing a text file"
Author identity unknown

*** Please tell me who you are.

Run

  git config --global user.email "you@example.com"
  git config --global user.name "Your Name"

to set your account's default identity.
Omit --global to set the identity only in this repository.

fatal: unable to auto-detect email address (got 'LENOVO@DESKTOP-L1MRRVL.(none)')

LENOVO@DESKTOP-L1MRRVL MINGW64 ~/test (master)
$ git config --global user.email "nishantha.priyadarshana@gmail.com"

LENOVO@DESKTOP-L1MRRVL MINGW64 ~/test (master)
$ git commit -m "committing a text file"
[master (root-commit) e1d44ba] committing a text file
 1 file changed, 1 insertion(+)
 create mode 100644 demo.txt

LENOVO@DESKTOP-L1MRRVL MINGW64 ~/test (master)
$ git config --global user.username nispri

LENOVO@DESKTOP-L1MRRVL MINGW64 ~/test (master)
$ git remote add origin https://github.com/nispri/test-demo.git

LENOVO@DESKTOP-L1MRRVL MINGW64 ~/test (master)
$ git push origin master
Enumerating objects: 3, done.
Counting objects: 100% (3/3), done.
Writing objects: 100% (3/3), 244 bytes | 244.00 KiB/s, done.
Total 3 (delta 0), reused 0 (delta 0), pack-reused 0
To https://github.com/nispri/test-demo.git
 * [new branch]      master -> master

LENOVO@DESKTOP-L1MRRVL MINGW64 ~/test (master)
$ git push origin master
Everything up-to-date

LENOVO@DESKTOP-L1MRRVL MINGW64 ~/test (master)
$ git commit -m "committing a text file"
On branch master
Changes not staged for commit:
  (use "git add <file>..." to update what will be committed)
  (use "git restore <file>..." to discard changes in working directory)
        modified:   demo.txt

no changes added to commit (use "git add" and/or "git commit -a")

LENOVO@DESKTOP-L1MRRVL MINGW64 ~/test (master)
$ git add demo.txt

LENOVO@DESKTOP-L1MRRVL MINGW64 ~/test (master)
$ git commit -m "committing a text file"
[master 7be55a2] committing a text file
 1 file changed, 3 insertions(+), 1 deletion(-)

LENOVO@DESKTOP-L1MRRVL MINGW64 ~/test (master)
$ git push origin master
Enumerating objects: 5, done.
Counting objects: 100% (5/5), done.
Writing objects: 100% (3/3), 279 bytes | 279.00 KiB/s, done.
Total 3 (delta 0), reused 0 (delta 0), pack-reused 0
To https://github.com/nispri/test-demo.git
   e1d44ba..7be55a2  master -> master

LENOVO@DESKTOP-L1MRRVL MINGW64 ~/test (master)
